
Warning-[LNX_OS_VERUN] Unsupported Linux version
  Linux version 'Rocky Linux release 8.10 (Green Obsidian)' is not supported 
  on 'x86_64' officially, assuming linux compatibility by default. Set 
  VCS_ARCH_OVERRIDE to linux or suse32 to override.
  Please refer to release notes for information on supported platforms.

Command: vcs -full64 -sverilog -ntb_opts uvm -timescale=1ns/1ps -debug_access+all \
-kdb -f filelist.f -l compile.log
                         Chronologic VCS (TM)
         Version U-2023.03_Full64 -- Sat Oct  3 09:42:07 2026

                    Copyright (c) 1991 - 2023 Synopsys, Inc.
   This software and the associated documentation are proprietary to Synopsys,
 Inc. This software may only be used in accordance with the terms and conditions
 of a written license agreement with Synopsys, Inc. All other use, reproduction,
   or distribution of this software is strictly prohibited.  Licensed Products
     communicate with Synopsys servers for the purpose of providing software
    updates, detecting software piracy and verifying that customers are using
    Licensed Products in conformity with the applicable License Key for such
  Licensed Products. Synopsys will use information gathered in connection with
    this process to deliver software updates and pursue software pirates and
                                   infringers.

 Inclusivity & Diversity - Visit SolvNetPlus to read the "Synopsys Statement on
            Inclusivity and Diversity" (Refer to article 000036315 at
                        https://solvnetplus.synopsys.com)

Parsing design file '/home/student/snps_tools_target/vcs/U-2023.03/etc/uvm/uvm_pkg.sv'
Parsing included file '/home/student/snps_tools_target/vcs/U-2023.03/etc/uvm/uvm_macros.svh'.
Parsing included file '/home/student/snps_tools_target/vcs/U-2023.03/etc/uvm/macros/uvm_version_defines.svh'.
Back to file '/home/student/snps_tools_target/vcs/U-2023.03/etc/uvm/uvm_macros.svh'.
Parsing included file '/home/student/snps_tools_target/vcs/U-2023.03/etc/uvm/macros/snps_macros.svp'.
Back to file '/home/student/snps_tools_target/vcs/U-2023.03/etc/uvm/uvm_macros.svh'.
Parsing included file '/home/student/snps_tools_target/vcs/U-2023.03/etc/uvm/macros/uvm_message_defines.svh'.
Back to file '/home/student/snps_tools_target/vcs/U-2023.03/etc/uvm/uvm_macros.svh'.
Parsing included file '/home/student/snps_tools_target/vcs/U-2023.03/etc/uvm/macros/uvm_phase_defines.svh'.
Back to file '/home/student/snps_tools_target/vcs/U-2023.03/etc/uvm/uvm_macros.svh'.
Parsing included file '/home/student/snps_tools_target/vcs/U-2023.03/etc/uvm/macros/uvm_object_defines.svh'.
Back to file '/home/student/snps_tools_target/vcs/U-2023.03/etc/uvm/uvm_macros.svh'.
Parsing included file '/home/student/snps_tools_target/vcs/U-2023.03/etc/uvm/macros/uvm_printer_defines.svh'.
Back to file '/home/student/snps_tools_target/vcs/U-2023.03/etc/uvm/uvm_macros.svh'.
Parsing included file '/home/student/snps_tools_target/vcs/U-2023.03/etc/uvm/macros/uvm_tlm_defines.svh'.
Parsing included file '/home/student/snps_tools_target/vcs/U-2023.03/etc/uvm/tlm1/uvm_tlm_imps.svh'.
Back to file '/home/student/snps_tools_target/vcs/U-2023.03/etc/uvm/macros/uvm_tlm_defines.svh'.
Back to file '/home/student/snps_tools_target/vcs/U-2023.03/etc/uvm/uvm_macros.svh'.
Parsing included file '/home/student/snps_tools_target/vcs/U-2023.03/etc/uvm/macros/uvm_sequence_defines.svh'.
Back to file '/home/student/snps_tools_target/vcs/U-2023.03/etc/uvm/uvm_macros.svh'.
Parsing included file '/home/student/snps_tools_target/vcs/U-2023.03/etc/uvm/macros/uvm_callback_defines.svh'.
Back to file '/home/student/snps_tools_target/vcs/U-2023.03/etc/uvm/uvm_macros.svh'.
Parsing included file '/home/student/snps_tools_target/vcs/U-2023.03/etc/uvm/macros/uvm_reg_defines.svh'.
Back to file '/home/student/snps_tools_target/vcs/U-2023.03/etc/uvm/uvm_macros.svh'.
Parsing included file '/home/student/snps_tools_target/vcs/U-2023.03/etc/uvm/macros/uvm_deprecated_defines.svh'.
Back to file '/home/student/snps_tools_target/vcs/U-2023.03/etc/uvm/uvm_macros.svh'.
Back to file '/home/student/snps_tools_target/vcs/U-2023.03/etc/uvm/uvm_pkg.sv'.
Parsing included file '/home/student/snps_tools_target/vcs/U-2023.03/etc/uvm/directc/uvm_directc.svh'.
Parsing included file '/home/student/snps_tools_target/vcs/U-2023.03/etc/uvm/directc/uvm_seed.vh'.
Back to file '/home/student/snps_tools_target/vcs/U-2023.03/etc/uvm/directc/uvm_directc.svh'.
Back to file '/home/student/snps_tools_target/vcs/U-2023.03/etc/uvm/uvm_pkg.sv'.
Parsing included file '/home/student/snps_tools_target/vcs/U-2023.03/etc/uvm/dpi/uvm_dpi.svh'.
Parsing included file '/home/student/snps_tools_target/vcs/U-2023.03/etc/uvm/dpi/uvm_hdl.svh'.
Back to file '/home/student/snps_tools_target/vcs/U-2023.03/etc/uvm/dpi/uvm_dpi.svh'.
Parsing included file '/home/student/snps_tools_target/vcs/U-2023.03/etc/uvm/dpi/uvm_svcmd_dpi.svh'.
Back to file '/home/student/snps_tools_target/vcs/U-2023.03/etc/uvm/dpi/uvm_dpi.svh'.
Parsing included file '/home/student/snps_tools_target/vcs/U-2023.03/etc/uvm/dpi/uvm_regex.svh'.
Back to file '/home/student/snps_tools_target/vcs/U-2023.03/etc/uvm/dpi/uvm_dpi.svh'.
Back to file '/home/student/snps_tools_target/vcs/U-2023.03/etc/uvm/uvm_pkg.sv'.
Parsing included file '/home/student/snps_tools_target/vcs/U-2023.03/etc/uvm/base/uvm_base.svh'.
Parsing included file '/home/student/snps_tools_target/vcs/U-2023.03/etc/uvm/base/uvm_version.svh'.
Back to file '/home/student/snps_tools_target/vcs/U-2023.03/etc/uvm/base/uvm_base.svh'.
Parsing included file '/home/student/snps_tools_target/vcs/U-2023.03/etc/uvm/base/uvm_object_globals.svh'.
Back to file '/home/student/snps_tools_target/vcs/U-2023.03/etc/uvm/base/uvm_base.svh'.
Parsing included file '/home/student/snps_tools_target/vcs/U-2023.03/etc/uvm/base/uvm_misc.svh'.
Back to file '/home/student/snps_tools_target/vcs/U-2023.03/etc/uvm/base/uvm_base.svh'.
Parsing included file '/home/student/snps_tools_target/vcs/U-2023.03/etc/uvm/base/uvm_object.svh'.
Back to file '/home/student/snps_tools_target/vcs/U-2023.03/etc/uvm/base/uvm_base.svh'.
Parsing included file '/home/student/snps_tools_target/vcs/U-2023.03/etc/uvm/base/uvm_pool.svh'.
Back to file '/home/student/snps_tools_target/vcs/U-2023.03/etc/uvm/base/uvm_base.svh'.
Parsing included file '/home/student/snps_tools_target/vcs/U-2023.03/etc/uvm/base/uvm_queue.svh'.
Back to file '/home/student/snps_tools_target/vcs/U-2023.03/etc/uvm/base/uvm_base.svh'.
Parsing included file '/home/student/snps_tools_target/vcs/U-2023.03/etc/uvm/base/uvm_factory.svh'.
Back to file '/home/student/snps_tools_target/vcs/U-2023.03/etc/uvm/base/uvm_base.svh'.
Parsing included file '/home/student/snps_tools_target/vcs/U-2023.03/etc/uvm/base/uvm_registry.svh'.
Back to file '/home/student/snps_tools_target/vcs/U-2023.03/etc/uvm/base/uvm_base.svh'.
Parsing included file '/home/student/snps_tools_target/vcs/U-2023.03/etc/uvm/base/uvm_spell_chkr.svh'.
Back to file '/home/student/snps_tools_target/vcs/U-2023.03/etc/uvm/base/uvm_base.svh'.
Parsing included file '/home/student/snps_tools_target/vcs/U-2023.03/etc/uvm/base/uvm_resource.svh'.
Back to file '/home/student/snps_tools_target/vcs/U-2023.03/etc/uvm/base/uvm_base.svh'.
Parsing included file '/home/student/snps_tools_target/vcs/U-2023.03/etc/uvm/deprecated/uvm_resource_converter.svh'.
Back to file '/home/student/snps_tools_target/vcs/U-2023.03/etc/uvm/base/uvm_base.svh'.
Parsing included file '/home/student/snps_tools_target/vcs/U-2023.03/etc/uvm/base/uvm_resource_specializations.svh'.
Back to file '/home/student/snps_tools_target/vcs/U-2023.03/etc/uvm/base/uvm_base.svh'.
Parsing included file '/home/student/snps_tools_target/vcs/U-2023.03/etc/uvm/base/uvm_resource_db.svh'.
Back to file '/home/student/snps_tools_target/vcs/U-2023.03/etc/uvm/base/uvm_base.svh'.
Parsing included file '/home/student/snps_tools_target/vcs/U-2023.03/etc/uvm/base/uvm_config_db.svh'.
Back to file '/home/student/snps_tools_target/vcs/U-2023.03/etc/uvm/base/uvm_base.svh'.
Parsing included file '/home/student/snps_tools_target/vcs/U-2023.03/etc/uvm/base/uvm_printer.svh'.
Back to file '/home/student/snps_tools_target/vcs/U-2023.03/etc/uvm/base/uvm_base.svh'.
Parsing included file '/home/student/snps_tools_target/vcs/U-2023.03/etc/uvm/base/uvm_comparer.svh'.
Back to file '/home/student/snps_tools_target/vcs/U-2023.03/etc/uvm/base/uvm_base.svh'.
Parsing included file '/home/student/snps_tools_target/vcs/U-2023.03/etc/uvm/base/uvm_packer.svh'.
Back to file '/home/student/snps_tools_target/vcs/U-2023.03/etc/uvm/base/uvm_base.svh'.
Parsing included file '/home/student/snps_tools_target/vcs/U-2023.03/etc/uvm/base/uvm_recorder.svh'.
Back to file '/home/student/snps_tools_target/vcs/U-2023.03/etc/uvm/base/uvm_base.svh'.
Parsing included file '/home/student/snps_tools_target/vcs/U-2023.03/etc/uvm/base/uvm_event_callback.svh'.
Back to file '/home/student/snps_tools_target/vcs/U-2023.03/etc/uvm/base/uvm_base.svh'.
Parsing included file '/home/student/snps_tools_target/vcs/U-2023.03/etc/uvm/base/uvm_event.svh'.
Back to file '/home/student/snps_tools_target/vcs/U-2023.03/etc/uvm/base/uvm_base.svh'.
Parsing included file '/home/student/snps_tools_target/vcs/U-2023.03/etc/uvm/base/uvm_barrier.svh'.
Back to file '/home/student/snps_tools_target/vcs/U-2023.03/etc/uvm/base/uvm_base.svh'.
Parsing included file '/home/student/snps_tools_target/vcs/U-2023.03/etc/uvm/base/uvm_callback.svh'.
Parsing included file '/home/student/snps_tools_target/vcs/U-2023.03/etc/uvm/uvm_macros.svh'.
Back to file '/home/student/snps_tools_target/vcs/U-2023.03/etc/uvm/base/uvm_callback.svh'.
Back to file '/home/student/snps_tools_target/vcs/U-2023.03/etc/uvm/base/uvm_base.svh'.
Parsing included file '/home/student/snps_tools_target/vcs/U-2023.03/etc/uvm/base/uvm_report_catcher.svh'.
Back to file '/home/student/snps_tools_target/vcs/U-2023.03/etc/uvm/base/uvm_base.svh'.
Parsing included file '/home/student/snps_tools_target/vcs/U-2023.03/etc/uvm/base/uvm_report_server.svh'.
Back to file '/home/student/snps_tools_target/vcs/U-2023.03/etc/uvm/base/uvm_base.svh'.
Parsing included file '/home/student/snps_tools_target/vcs/U-2023.03/etc/uvm/base/uvm_report_handler.svh'.
Back to file '/home/student/snps_tools_target/vcs/U-2023.03/etc/uvm/base/uvm_base.svh'.
Parsing included file '/home/student/snps_tools_target/vcs/U-2023.03/etc/uvm/base/uvm_report_object.svh'.
Back to file '/home/student/snps_tools_target/vcs/U-2023.03/etc/uvm/base/uvm_base.svh'.
Parsing included file '/home/student/snps_tools_target/vcs/U-2023.03/etc/uvm/base/uvm_transaction.svh'.
Back to file '/home/student/snps_tools_target/vcs/U-2023.03/etc/uvm/base/uvm_base.svh'.
Parsing included file '/home/student/snps_tools_target/vcs/U-2023.03/etc/uvm/base/uvm_phase.svh'.
Back to file '/home/student/snps_tools_target/vcs/U-2023.03/etc/uvm/base/uvm_base.svh'.
Parsing included file '/home/student/snps_tools_target/vcs/U-2023.03/etc/uvm/base/uvm_domain.svh'.
Back to file '/home/student/snps_tools_target/vcs/U-2023.03/etc/uvm/base/uvm_base.svh'.
Parsing included file '/home/student/snps_tools_target/vcs/U-2023.03/etc/uvm/base/uvm_bottomup_phase.svh'.
Back to file '/home/student/snps_tools_target/vcs/U-2023.03/etc/uvm/base/uvm_base.svh'.
Parsing included file '/home/student/snps_tools_target/vcs/U-2023.03/etc/uvm/base/uvm_topdown_phase.svh'.
Back to file '/home/student/snps_tools_target/vcs/U-2023.03/etc/uvm/base/uvm_base.svh'.
Parsing included file '/home/student/snps_tools_target/vcs/U-2023.03/etc/uvm/base/uvm_task_phase.svh'.
Back to file '/home/student/snps_tools_target/vcs/U-2023.03/etc/uvm/base/uvm_base.svh'.
Parsing included file '/home/student/snps_tools_target/vcs/U-2023.03/etc/uvm/base/uvm_common_phases.svh'.
Back to file '/home/student/snps_tools_target/vcs/U-2023.03/etc/uvm/base/uvm_base.svh'.
Parsing included file '/home/student/snps_tools_target/vcs/U-2023.03/etc/uvm/base/uvm_runtime_phases.svh'.
Back to file '/home/student/snps_tools_target/vcs/U-2023.03/etc/uvm/base/uvm_base.svh'.
Parsing included file '/home/student/snps_tools_target/vcs/U-2023.03/etc/uvm/base/uvm_component.svh'.
Parsing included file '/home/student/snps_tools_target/vcs/U-2023.03/etc/uvm/base/uvm_root.svh'.
Back to file '/home/student/snps_tools_target/vcs/U-2023.03/etc/uvm/base/uvm_component.svh'.
Back to file '/home/student/snps_tools_target/vcs/U-2023.03/etc/uvm/base/uvm_base.svh'.
Parsing included file '/home/student/snps_tools_target/vcs/U-2023.03/etc/uvm/base/uvm_objection.svh'.
Back to file '/home/student/snps_tools_target/vcs/U-2023.03/etc/uvm/base/uvm_base.svh'.
Parsing included file '/home/student/snps_tools_target/vcs/U-2023.03/etc/uvm/base/uvm_heartbeat.svh'.
Back to file '/home/student/snps_tools_target/vcs/U-2023.03/etc/uvm/base/uvm_base.svh'.
Parsing included file '/home/student/snps_tools_target/vcs/U-2023.03/etc/uvm/base/uvm_globals.svh'.
Back to file '/home/student/snps_tools_target/vcs/U-2023.03/etc/uvm/base/uvm_base.svh'.
Parsing included file '/home/student/snps_tools_target/vcs/U-2023.03/etc/uvm/base/uvm_cmdline_processor.svh'.
Back to file '/home/student/snps_tools_target/vcs/U-2023.03/etc/uvm/base/uvm_base.svh'.
Back to file '/home/student/snps_tools_target/vcs/U-2023.03/etc/uvm/uvm_pkg.sv'.
Parsing included file '/home/student/snps_tools_target/vcs/U-2023.03/etc/uvm/tlm1/uvm_tlm.svh'.
Parsing included file '/home/student/snps_tools_target/vcs/U-2023.03/etc/uvm/tlm1/uvm_tlm_ifs.svh'.
Back to file '/home/student/snps_tools_target/vcs/U-2023.03/etc/uvm/tlm1/uvm_tlm.svh'.
Parsing included file '/home/student/snps_tools_target/vcs/U-2023.03/etc/uvm/tlm1/uvm_sqr_ifs.svh'.
Back to file '/home/student/snps_tools_target/vcs/U-2023.03/etc/uvm/tlm1/uvm_tlm.svh'.
Parsing included file '/home/student/snps_tools_target/vcs/U-2023.03/etc/uvm/base/uvm_port_base.svh'.
Back to file '/home/student/snps_tools_target/vcs/U-2023.03/etc/uvm/tlm1/uvm_tlm.svh'.
Parsing included file '/home/student/snps_tools_target/vcs/U-2023.03/etc/uvm/tlm1/uvm_tlm_imps.svh'.
Back to file '/home/student/snps_tools_target/vcs/U-2023.03/etc/uvm/tlm1/uvm_tlm.svh'.
Parsing included file '/home/student/snps_tools_target/vcs/U-2023.03/etc/uvm/tlm1/uvm_imps.svh'.
Back to file '/home/student/snps_tools_target/vcs/U-2023.03/etc/uvm/tlm1/uvm_tlm.svh'.
Parsing included file '/home/student/snps_tools_target/vcs/U-2023.03/etc/uvm/tlm1/uvm_ports.svh'.
Back to file '/home/student/snps_tools_target/vcs/U-2023.03/etc/uvm/tlm1/uvm_tlm.svh'.
Parsing included file '/home/student/snps_tools_target/vcs/U-2023.03/etc/uvm/tlm1/uvm_exports.svh'.
Back to file '/home/student/snps_tools_target/vcs/U-2023.03/etc/uvm/tlm1/uvm_tlm.svh'.
Parsing included file '/home/student/snps_tools_target/vcs/U-2023.03/etc/uvm/tlm1/uvm_analysis_port.svh'.
Back to file '/home/student/snps_tools_target/vcs/U-2023.03/etc/uvm/tlm1/uvm_tlm.svh'.
Parsing included file '/home/student/snps_tools_target/vcs/U-2023.03/etc/uvm/tlm1/uvm_tlm_fifo_base.svh'.
Back to file '/home/student/snps_tools_target/vcs/U-2023.03/etc/uvm/tlm1/uvm_tlm.svh'.
Parsing included file '/home/student/snps_tools_target/vcs/U-2023.03/etc/uvm/tlm1/uvm_tlm_fifos.svh'.
Back to file '/home/student/snps_tools_target/vcs/U-2023.03/etc/uvm/tlm1/uvm_tlm.svh'.
Parsing included file '/home/student/snps_tools_target/vcs/U-2023.03/etc/uvm/tlm1/uvm_tlm_req_rsp.svh'.
Back to file '/home/student/snps_tools_target/vcs/U-2023.03/etc/uvm/tlm1/uvm_tlm.svh'.
Parsing included file '/home/student/snps_tools_target/vcs/U-2023.03/etc/uvm/tlm1/uvm_sqr_connections.svh'.
Back to file '/home/student/snps_tools_target/vcs/U-2023.03/etc/uvm/tlm1/uvm_tlm.svh'.
Back to file '/home/student/snps_tools_target/vcs/U-2023.03/etc/uvm/uvm_pkg.sv'.
Parsing included file '/home/student/snps_tools_target/vcs/U-2023.03/etc/uvm/comps/uvm_comps.svh'.
Parsing included file '/home/student/snps_tools_target/vcs/U-2023.03/etc/uvm/comps/uvm_pair.svh'.
Back to file '/home/student/snps_tools_target/vcs/U-2023.03/etc/uvm/comps/uvm_comps.svh'.
Parsing included file '/home/student/snps_tools_target/vcs/U-2023.03/etc/uvm/comps/uvm_policies.svh'.
Back to file '/home/student/snps_tools_target/vcs/U-2023.03/etc/uvm/comps/uvm_comps.svh'.
Parsing included file '/home/student/snps_tools_target/vcs/U-2023.03/etc/uvm/comps/uvm_in_order_comparator.svh'.
Back to file '/home/student/snps_tools_target/vcs/U-2023.03/etc/uvm/comps/uvm_comps.svh'.
Parsing included file '/home/student/snps_tools_target/vcs/U-2023.03/etc/uvm/comps/uvm_algorithmic_comparator.svh'.
Back to file '/home/student/snps_tools_target/vcs/U-2023.03/etc/uvm/comps/uvm_comps.svh'.
Parsing included file '/home/student/snps_tools_target/vcs/U-2023.03/etc/uvm/comps/uvm_random_stimulus.svh'.
Back to file '/home/student/snps_tools_target/vcs/U-2023.03/etc/uvm/comps/uvm_comps.svh'.
Parsing included file '/home/student/snps_tools_target/vcs/U-2023.03/etc/uvm/comps/uvm_subscriber.svh'.
Back to file '/home/student/snps_tools_target/vcs/U-2023.03/etc/uvm/comps/uvm_comps.svh'.
Parsing included file '/home/student/snps_tools_target/vcs/U-2023.03/etc/uvm/comps/uvm_monitor.svh'.
Back to file '/home/student/snps_tools_target/vcs/U-2023.03/etc/uvm/comps/uvm_comps.svh'.
Parsing included file '/home/student/snps_tools_target/vcs/U-2023.03/etc/uvm/comps/uvm_driver.svh'.
Back to file '/home/student/snps_tools_target/vcs/U-2023.03/etc/uvm/comps/uvm_comps.svh'.
Parsing included file '/home/student/snps_tools_target/vcs/U-2023.03/etc/uvm/comps/uvm_push_driver.svh'.
Back to file '/home/student/snps_tools_target/vcs/U-2023.03/etc/uvm/comps/uvm_comps.svh'.
Parsing included file '/home/student/snps_tools_target/vcs/U-2023.03/etc/uvm/comps/uvm_scoreboard.svh'.
Back to file '/home/student/snps_tools_target/vcs/U-2023.03/etc/uvm/comps/uvm_comps.svh'.
Parsing included file '/home/student/snps_tools_target/vcs/U-2023.03/etc/uvm/comps/uvm_agent.svh'.
Back to file '/home/student/snps_tools_target/vcs/U-2023.03/etc/uvm/comps/uvm_comps.svh'.
Parsing included file '/home/student/snps_tools_target/vcs/U-2023.03/etc/uvm/comps/uvm_env.svh'.
Back to file '/home/student/snps_tools_target/vcs/U-2023.03/etc/uvm/comps/uvm_comps.svh'.
Parsing included file '/home/student/snps_tools_target/vcs/U-2023.03/etc/uvm/comps/uvm_test.svh'.
Back to file '/home/student/snps_tools_target/vcs/U-2023.03/etc/uvm/comps/uvm_comps.svh'.
Back to file '/home/student/snps_tools_target/vcs/U-2023.03/etc/uvm/uvm_pkg.sv'.
Parsing included file '/home/student/snps_tools_target/vcs/U-2023.03/etc/uvm/seq/uvm_seq.svh'.
Parsing included file '/home/student/snps_tools_target/vcs/U-2023.03/etc/uvm/seq/uvm_sequence_item.svh'.
Back to file '/home/student/snps_tools_target/vcs/U-2023.03/etc/uvm/seq/uvm_seq.svh'.
Parsing included file '/home/student/snps_tools_target/vcs/U-2023.03/etc/uvm/seq/uvm_sequencer_base.svh'.
Back to file '/home/student/snps_tools_target/vcs/U-2023.03/etc/uvm/seq/uvm_seq.svh'.
Parsing included file '/home/student/snps_tools_target/vcs/U-2023.03/etc/uvm/seq/uvm_sequencer_analysis_fifo.svh'.
Back to file '/home/student/snps_tools_target/vcs/U-2023.03/etc/uvm/seq/uvm_seq.svh'.
Parsing included file '/home/student/snps_tools_target/vcs/U-2023.03/etc/uvm/seq/uvm_sequencer_param_base.svh'.
Back to file '/home/student/snps_tools_target/vcs/U-2023.03/etc/uvm/seq/uvm_seq.svh'.
Parsing included file '/home/student/snps_tools_target/vcs/U-2023.03/etc/uvm/seq/uvm_sequencer.svh'.
Back to file '/home/student/snps_tools_target/vcs/U-2023.03/etc/uvm/seq/uvm_seq.svh'.
Parsing included file '/home/student/snps_tools_target/vcs/U-2023.03/etc/uvm/seq/uvm_push_sequencer.svh'.
Back to file '/home/student/snps_tools_target/vcs/U-2023.03/etc/uvm/seq/uvm_seq.svh'.
Parsing included file '/home/student/snps_tools_target/vcs/U-2023.03/etc/uvm/seq/uvm_sequence_base.svh'.
Back to file '/home/student/snps_tools_target/vcs/U-2023.03/etc/uvm/seq/uvm_seq.svh'.
Parsing included file '/home/student/snps_tools_target/vcs/U-2023.03/etc/uvm/seq/uvm_sequence.svh'.
Back to file '/home/student/snps_tools_target/vcs/U-2023.03/etc/uvm/seq/uvm_seq.svh'.
Parsing included file '/home/student/snps_tools_target/vcs/U-2023.03/etc/uvm/seq/uvm_sequence_library.svh'.
Back to file '/home/student/snps_tools_target/vcs/U-2023.03/etc/uvm/seq/uvm_seq.svh'.
Parsing included file '/home/student/snps_tools_target/vcs/U-2023.03/etc/uvm/seq/uvm_sequence_builtin.svh'.
Back to file '/home/student/snps_tools_target/vcs/U-2023.03/etc/uvm/seq/uvm_seq.svh'.
Back to file '/home/student/snps_tools_target/vcs/U-2023.03/etc/uvm/uvm_pkg.sv'.
Parsing included file '/home/student/snps_tools_target/vcs/U-2023.03/etc/uvm/tlm2/uvm_tlm2.svh'.
Parsing included file '/home/student/snps_tools_target/vcs/U-2023.03/etc/uvm/tlm2/uvm_tlm2_defines.svh'.
Back to file '/home/student/snps_tools_target/vcs/U-2023.03/etc/uvm/tlm2/uvm_tlm2.svh'.
Parsing included file '/home/student/snps_tools_target/vcs/U-2023.03/etc/uvm/tlm2/uvm_tlm2_time.svh'.
Back to file '/home/student/snps_tools_target/vcs/U-2023.03/etc/uvm/tlm2/uvm_tlm2.svh'.
Parsing included file '/home/student/snps_tools_target/vcs/U-2023.03/etc/uvm/tlm2/uvm_tlm2_generic_payload.svh'.
Back to file '/home/student/snps_tools_target/vcs/U-2023.03/etc/uvm/tlm2/uvm_tlm2.svh'.
Parsing included file '/home/student/snps_tools_target/vcs/U-2023.03/etc/uvm/tlm2/uvm_tlm2_ifs.svh'.
Back to file '/home/student/snps_tools_target/vcs/U-2023.03/etc/uvm/tlm2/uvm_tlm2.svh'.
Parsing included file '/home/student/snps_tools_target/vcs/U-2023.03/etc/uvm/tlm2/uvm_tlm2_imps.svh'.
Back to file '/home/student/snps_tools_target/vcs/U-2023.03/etc/uvm/tlm2/uvm_tlm2.svh'.
Parsing included file '/home/student/snps_tools_target/vcs/U-2023.03/etc/uvm/tlm2/uvm_tlm2_ports.svh'.
Back to file '/home/student/snps_tools_target/vcs/U-2023.03/etc/uvm/tlm2/uvm_tlm2.svh'.
Parsing included file '/home/student/snps_tools_target/vcs/U-2023.03/etc/uvm/tlm2/uvm_tlm2_exports.svh'.
Back to file '/home/student/snps_tools_target/vcs/U-2023.03/etc/uvm/tlm2/uvm_tlm2.svh'.
Parsing included file '/home/student/snps_tools_target/vcs/U-2023.03/etc/uvm/tlm2/uvm_tlm2_sockets_base.svh'.
Back to file '/home/student/snps_tools_target/vcs/U-2023.03/etc/uvm/tlm2/uvm_tlm2.svh'.
Parsing included file '/home/student/snps_tools_target/vcs/U-2023.03/etc/uvm/tlm2/uvm_tlm2_sockets.svh'.
Back to file '/home/student/snps_tools_target/vcs/U-2023.03/etc/uvm/tlm2/uvm_tlm2.svh'.
Back to file '/home/student/snps_tools_target/vcs/U-2023.03/etc/uvm/uvm_pkg.sv'.
Parsing included file '/home/student/snps_tools_target/vcs/U-2023.03/etc/uvm/reg/uvm_reg_model.svh'.
Parsing included file '/home/student/snps_tools_target/vcs/U-2023.03/etc/uvm/reg/uvm_reg_item.svh'.
Back to file '/home/student/snps_tools_target/vcs/U-2023.03/etc/uvm/reg/uvm_reg_model.svh'.
Parsing included file '/home/student/snps_tools_target/vcs/U-2023.03/etc/uvm/reg/uvm_reg_adapter.svh'.
Back to file '/home/student/snps_tools_target/vcs/U-2023.03/etc/uvm/reg/uvm_reg_model.svh'.
Parsing included file '/home/student/snps_tools_target/vcs/U-2023.03/etc/uvm/reg/uvm_reg_predictor.svh'.
Back to file '/home/student/snps_tools_target/vcs/U-2023.03/etc/uvm/reg/uvm_reg_model.svh'.
Parsing included file '/home/student/snps_tools_target/vcs/U-2023.03/etc/uvm/reg/uvm_reg_sequence.svh'.
Back to file '/home/student/snps_tools_target/vcs/U-2023.03/etc/uvm/reg/uvm_reg_model.svh'.
Parsing included file '/home/student/snps_tools_target/vcs/U-2023.03/etc/uvm/reg/uvm_reg_cbs.svh'.
Back to file '/home/student/snps_tools_target/vcs/U-2023.03/etc/uvm/reg/uvm_reg_model.svh'.
Parsing included file '/home/student/snps_tools_target/vcs/U-2023.03/etc/uvm/reg/uvm_reg_backdoor.svh'.
Back to file '/home/student/snps_tools_target/vcs/U-2023.03/etc/uvm/reg/uvm_reg_model.svh'.
Parsing included file '/home/student/snps_tools_target/vcs/U-2023.03/etc/uvm/reg/uvm_reg_field.svh'.
Back to file '/home/student/snps_tools_target/vcs/U-2023.03/etc/uvm/reg/uvm_reg_model.svh'.
Parsing included file '/home/student/snps_tools_target/vcs/U-2023.03/etc/uvm/reg/uvm_vreg_field.svh'.
Back to file '/home/student/snps_tools_target/vcs/U-2023.03/etc/uvm/reg/uvm_reg_model.svh'.
Parsing included file '/home/student/snps_tools_target/vcs/U-2023.03/etc/uvm/reg/uvm_reg.svh'.
Back to file '/home/student/snps_tools_target/vcs/U-2023.03/etc/uvm/reg/uvm_reg_model.svh'.
Parsing included file '/home/student/snps_tools_target/vcs/U-2023.03/etc/uvm/reg/uvm_reg_indirect.svh'.
Back to file '/home/student/snps_tools_target/vcs/U-2023.03/etc/uvm/reg/uvm_reg_model.svh'.
Parsing included file '/home/student/snps_tools_target/vcs/U-2023.03/etc/uvm/reg/uvm_reg_fifo.svh'.
Back to file '/home/student/snps_tools_target/vcs/U-2023.03/etc/uvm/reg/uvm_reg_model.svh'.
Parsing included file '/home/student/snps_tools_target/vcs/U-2023.03/etc/uvm/reg/uvm_reg_file.svh'.
Back to file '/home/student/snps_tools_target/vcs/U-2023.03/etc/uvm/reg/uvm_reg_model.svh'.
Parsing included file '/home/student/snps_tools_target/vcs/U-2023.03/etc/uvm/reg/uvm_mem_mam.svh'.
Back to file '/home/student/snps_tools_target/vcs/U-2023.03/etc/uvm/reg/uvm_reg_model.svh'.
Parsing included file '/home/student/snps_tools_target/vcs/U-2023.03/etc/uvm/reg/uvm_vreg.svh'.
Back to file '/home/student/snps_tools_target/vcs/U-2023.03/etc/uvm/reg/uvm_reg_model.svh'.
Parsing included file '/home/student/snps_tools_target/vcs/U-2023.03/etc/uvm/reg/uvm_mem.svh'.
Back to file '/home/student/snps_tools_target/vcs/U-2023.03/etc/uvm/reg/uvm_reg_model.svh'.
Parsing included file '/home/student/snps_tools_target/vcs/U-2023.03/etc/uvm/reg/uvm_reg_map.svh'.
Back to file '/home/student/snps_tools_target/vcs/U-2023.03/etc/uvm/reg/uvm_reg_model.svh'.
Parsing included file '/home/student/snps_tools_target/vcs/U-2023.03/etc/uvm/reg/uvm_reg_block.svh'.
Back to file '/home/student/snps_tools_target/vcs/U-2023.03/etc/uvm/reg/uvm_reg_model.svh'.
Parsing included file '/home/student/snps_tools_target/vcs/U-2023.03/etc/uvm/reg/sequences/uvm_reg_hw_reset_seq.svh'.
Back to file '/home/student/snps_tools_target/vcs/U-2023.03/etc/uvm/reg/uvm_reg_model.svh'.
Parsing included file '/home/student/snps_tools_target/vcs/U-2023.03/etc/uvm/reg/sequences/uvm_reg_bit_bash_seq.svh'.
Back to file '/home/student/snps_tools_target/vcs/U-2023.03/etc/uvm/reg/uvm_reg_model.svh'.
Parsing included file '/home/student/snps_tools_target/vcs/U-2023.03/etc/uvm/reg/sequences/uvm_mem_walk_seq.svh'.
Back to file '/home/student/snps_tools_target/vcs/U-2023.03/etc/uvm/reg/uvm_reg_model.svh'.
Parsing included file '/home/student/snps_tools_target/vcs/U-2023.03/etc/uvm/reg/sequences/uvm_mem_access_seq.svh'.
Back to file '/home/student/snps_tools_target/vcs/U-2023.03/etc/uvm/reg/uvm_reg_model.svh'.
Parsing included file '/home/student/snps_tools_target/vcs/U-2023.03/etc/uvm/reg/sequences/uvm_reg_access_seq.svh'.
Back to file '/home/student/snps_tools_target/vcs/U-2023.03/etc/uvm/reg/uvm_reg_model.svh'.
Parsing included file '/home/student/snps_tools_target/vcs/U-2023.03/etc/uvm/reg/sequences/uvm_reg_mem_shared_access_seq.svh'.
Back to file '/home/student/snps_tools_target/vcs/U-2023.03/etc/uvm/reg/uvm_reg_model.svh'.
Parsing included file '/home/student/snps_tools_target/vcs/U-2023.03/etc/uvm/reg/sequences/uvm_reg_mem_built_in_seq.svh'.
Back to file '/home/student/snps_tools_target/vcs/U-2023.03/etc/uvm/reg/uvm_reg_model.svh'.
Parsing included file '/home/student/snps_tools_target/vcs/U-2023.03/etc/uvm/reg/sequences/uvm_reg_mem_hdl_paths_seq.svh'.
Back to file '/home/student/snps_tools_target/vcs/U-2023.03/etc/uvm/reg/uvm_reg_model.svh'.
Parsing included file '/home/student/snps_tools_target/vcs/U-2023.03/etc/uvm/reg/snps_uvm_reg_bank.svh'.
Back to file '/home/student/snps_tools_target/vcs/U-2023.03/etc/uvm/reg/uvm_reg_model.svh'.
Back to file '/home/student/snps_tools_target/vcs/U-2023.03/etc/uvm/uvm_pkg.sv'.
Parsing included file '/home/student/snps_tools_target/vcs/U-2023.03/etc/uvm/vcs/vcs_uvm_alt.sv'.
Back to file '/home/student/snps_tools_target/vcs/U-2023.03/etc/uvm/uvm_pkg.sv'.
Parsing design file '/home/student/snps_tools_target/vcs/U-2023.03/etc/uvm/vcs/uvm_custom_install_vcs_recorder.sv'
Parsing included file '/home/student/snps_tools_target/vcs/U-2023.03/etc/uvm/vcs/msglog.svh'.
Back to file '/home/student/snps_tools_target/vcs/U-2023.03/etc/uvm/vcs/uvm_custom_install_vcs_recorder.sv'.
Parsing included file '/home/student/snps_tools_target/vcs/U-2023.03/etc/uvm/vcs/uvm_msglog_report_server.sv'.
Back to file '/home/student/snps_tools_target/vcs/U-2023.03/etc/uvm/vcs/uvm_custom_install_vcs_recorder.sv'.
Parsing included file '/home/student/snps_tools_target/vcs/U-2023.03/etc/uvm/vcs/uvm_vcs_recorder.svh'.
Back to file '/home/student/snps_tools_target/vcs/U-2023.03/etc/uvm/vcs/uvm_custom_install_vcs_recorder.sv'.
Parsing included file '/home/student/snps_tools_target/vcs/U-2023.03/etc/uvm/vcs/uvm_vcs_record_interface.sv'.
Back to file '/home/student/snps_tools_target/vcs/U-2023.03/etc/uvm/vcs/uvm_custom_install_vcs_recorder.sv'.
Parsing design file '/home/student/snps_tools_target/vcs/U-2023.03/etc/uvm/verdi/uvm_custom_install_verdi_recorder.sv'
Parsing included file '/home/student/snps_tools_target/vcs/U-2023.03/etc/uvm/uvm_macros.svh'.
Back to file '/home/student/snps_tools_target/vcs/U-2023.03/etc/uvm/verdi/uvm_custom_install_verdi_recorder.sv'.
Parsing included file '/home/student/snps_tools_target/vcs/U-2023.03/etc/uvm/verdi/uvm_verdi_recorder.svh'.
Parsing included file '/home/student/snps_tools_target/vcs/U-2023.03/etc/uvm/verdi/uvm_verdi_pli_base.svh'.
Back to file '/home/student/snps_tools_target/vcs/U-2023.03/etc/uvm/verdi/uvm_verdi_recorder.svh'.
Back to file '/home/student/snps_tools_target/vcs/U-2023.03/etc/uvm/verdi/uvm_custom_install_verdi_recorder.sv'.
Parsing included file '/home/student/snps_tools_target/vcs/U-2023.03/etc/uvm/verdi/uvm_verdi_reg_map_recording.sv'.
Back to file '/home/student/snps_tools_target/vcs/U-2023.03/etc/uvm/verdi/uvm_custom_install_verdi_recorder.sv'.
Parsing included file '/home/student/snps_tools_target/vcs/U-2023.03/etc/uvm/verdi/uvm_verdi_message_catcher.svh'.
Parsing included file '/home/student/snps_tools_target/vcs/U-2023.03/etc/uvm/verdi/uvm_verdi_pli_base.svh'.
Back to file '/home/student/snps_tools_target/vcs/U-2023.03/etc/uvm/verdi/uvm_verdi_message_catcher.svh'.
Back to file '/home/student/snps_tools_target/vcs/U-2023.03/etc/uvm/verdi/uvm_custom_install_verdi_recorder.sv'.
Parsing included file '/home/student/snps_tools_target/vcs/U-2023.03/etc/uvm/verdi/./dpi/uvm_verdi_dpi.svh'.
Back to file '/home/student/snps_tools_target/vcs/U-2023.03/etc/uvm/verdi/uvm_custom_install_verdi_recorder.sv'.
Parsing included file '/home/student/snps_tools_target/vcs/U-2023.03/etc/uvm/verdi/uvm_verdi_reg_recording.sv'.
Back to file '/home/student/snps_tools_target/vcs/U-2023.03/etc/uvm/verdi/uvm_custom_install_verdi_recorder.sv'.
Parsing included file '/home/student/snps_tools_target/verdi/U-2023.03-SP1/share/PLI/VCS/include/verdi_trans_recorder_dpi.svh'.
Back to file '/home/student/snps_tools_target/vcs/U-2023.03/etc/uvm/verdi/uvm_custom_install_verdi_recorder.sv'.
Parsing included file '/home/student/snps_tools_target/vcs/U-2023.03/etc/uvm/verdi/uvm_verdi_pli.svh'.
Back to file '/home/student/snps_tools_target/vcs/U-2023.03/etc/uvm/verdi/uvm_custom_install_verdi_recorder.sv'.
Parsing design file '/home/student/snps_tools_target/vcs/U-2023.03/etc/uvm/verdi/uvm_custom_install_verdi_recorder.sv'
Parsing design file '../rtl/uart/axi_internal_fifo.v'
Parsing design file '../rtl/uart/uart_parity_bit_compute.v'
Parsing design file '../rtl/uart/uart_receiver.v'
Parsing design file '../rtl/uart/uart_transmitter.v'
Parsing design file '../rtl/uart/uart_controller.v'
Parsing design file '../rtl/uart/axi_uart_top.v'
Parsing included file '../rtl/uart/include/axi_uart_defines.vh'.
Back to file '../rtl/uart/axi_uart_top.v'.
Parsing included file '../rtl/uart/include/axi_uart.vh'.
Back to file '../rtl/uart/axi_uart_top.v'.
Parsing design file '../rtl/interconnect/axi_interconnect.v'
Parsing design file '../rtl/interconnect/axi_interconnect_wrap_3x14.v'
Parsing design file '../rtl/interconnect/arbiter.v'
Parsing design file '../rtl/interconnect/priority_encoder.v'
Parsing design file '../rtl/fft_nexhus/xpm_memory_tdpram_model.sv'
Parsing design file '../rtl/fft_nexhus/add_sub_sat_s1_q15.sv'
Parsing design file '../rtl/fft_nexhus/bram_memeory.sv'
Parsing design file '../rtl/fft_nexhus/cmulq15.sv'
Parsing design file '../rtl/fft_nexhus/fft_atomic_p1.sv'
Parsing design file '../rtl/fft_nexhus/fft_ctrl_axil.sv'
Parsing design file '../rtl/fft_nexhus/fft_loadstore_wrapper.sv'
Parsing design file '../rtl/fft_nexhus/fft_mem_axi4_slave.sv'
Parsing design file '../rtl/fft_nexhus/fft_stage_core.sv'
Parsing design file '../rtl/fft_nexhus/fft_stage_core_controller.sv'
Parsing design file '../rtl/fft_nexhus/fft_top.sv'
Parsing design file '../rtl/fft_nexhus/twiddle_rom.sv'
Parsing design file '../rtl/fft_nexhus/fft_accel_fft_top.sv'
Parsing design file '../rtl/fir/axis_fifo.v'
Parsing design file '../rtl/fir/fir_dsp.v'
Parsing design file '../rtl/fir/fir_axi_lite.v'
Parsing design file '../rtl/fir/fir_top.v'
Parsing design file '../rtl/adc/adc_pkg.sv'
Parsing design file '../rtl/adc/adc_fifo.sv'
Parsing design file '../rtl/adc/adc_sample_acquisition.sv'
Parsing design file '../rtl/adc/adc_sampling_scheduler.sv'
Parsing design file '../rtl/adc/adc_registers.sv'
Parsing design file '../rtl/adc/adc_axi_lite_slave.sv'
Parsing design file '../rtl/adc/adc_controller.sv'
Parsing design file '../rtl/common/axi4lite_slave_adapter.sv'
Parsing design file '../rtl/common/axi4_to_axi4lite_bridge.sv'
Parsing design file '../rtl/gpio/gpio_bit.sv'
Parsing design file '../rtl/gpio/gpio_regs.sv'
Parsing design file '../rtl/gpio/gpio_wrapper.sv'
Parsing design file '../rtl/gpio/gpio_axi.sv'
Parsing design file '../rtl/timer/timer_core.sv'
Parsing design file '../rtl/timer/timer_regs.sv'
Parsing design file '../rtl/timer/timer_axi.sv'
Parsing design file '../rtl/uart_fft_fir_adc_gpio_timer_top.sv'
Parsing design file '../tb/tb_soc_uart_fft_fir_adc_gpio_timer.sv'
Top Level Modules:
       uvm_custom_install_recording
       uvm_custom_install_verdi_recording
       axi4_to_axi4lite_bridge
       tb_soc_uart_top

Warning-[AOUP] Attempt to override undefined parameter
../rtl/fft_nexhus/bram_memeory.sv, 59
  Attempting to override undefined parameter "WRITE_DATA_WIDTH_A", will ignore
  it.


Warning-[AOUP] Attempt to override undefined parameter
../rtl/fft_nexhus/bram_memeory.sv, 59
  Attempting to override undefined parameter "WRITE_DATA_WIDTH_B", will ignore
  it.

TimeScale is 1 ns / 1 ps

Warning-[TFIPC] Too few instance port connections
../rtl/uart_fft_fir_adc_gpio_timer_top.sv, 552
soc_uart_fft_top, "axi_interconnect_wrap_3x14 #(.DATA_WIDTH(DATA_WIDTH), .ADDR_WIDTH(ADDR_WIDTH), .STRB_WIDTH(STRB_WIDTH), .ID_WIDTH(ID_WIDTH), .AWUSER_WIDTH(1), .WUSER_WIDTH(1), .BUSER_WIDTH(1), .ARUSER_WIDTH(1), .RUSER_WIDTH(1), .M_REGIONS(1), .M00_BASE_ADDR(32'h40000000), .M00_ADDR_WIDTH(32'd12), .M00_CONNECT_READ(3'b1), .M00_CONNECT_WRITE(3'b1), .M01_BASE_ADDR(32'h40005000), .M01_ADDR_WIDTH(32'd12), .M01_CONNECT_READ(3'b1), .M01_CONNECT_WRITE(3'b1), .M02_BASE_ADDR(32'h40006000), .M02_ADDR_WIDTH(32'd12), .M02_CONNECT_READ(3'b1), .M02_CONNECT_WRITE(3'b1), .M03_BASE_ADDR(32'h40007000), .M03_ADDR_WIDTH(32'd12), .M03_CONNECT_READ(3'b1), .M03_CONNECT_WRITE(3'b1), .M04_BASE_ADDR(32'h40003000), .M04_ADDR_WIDTH(32'd12), .M04_CONNECT_READ(3'b1), .M04_CONNECT_WRITE(3'b1), .M05_B ... "
  The above instance has fewer port connections than the module definition.
  Please use '+lint=TFIPC-L' to print out detailed information of unconnected 
  ports.

Notice: Ports coerced to inout, use -notice for details
Starting vcs inline pass...

21 modules and 0 UDP read.
recompiling package vcs_paramclassrepository
recompiling package uvm_pkg
recompiling package _vcs_msglog
recompiling module uvm_custom_install_recording
recompiling module uvm_custom_install_verdi_recording
recompiling module axi_internal_fifo
recompiling module axi_uart_top
recompiling module axi_interconnect_wrap_3x14
recompiling module arbiter
recompiling module priority_encoder
recompiling module fir_top
recompiling module adc_controller
recompiling module axi4lite_slave_adapter
recompiling module axi4_to_axi4lite_bridge
recompiling module gpio_wrapper
recompiling module gpio_axi
recompiling module timer_axi
recompiling module soc_uart_fft_top
recompiling module tb_soc_uart_top
19 of 21 modules done
	However, due to incremental compilation, only 19 modules need to be compiled. 
rm -f _cuarc*.so _csrc*.so pre_vcsobj_*.so share_vcsobj_*.so
g++ -w  -pipe -DVCS -DUVM_DPI_DO_TYPE_CHECK -fPIC -O -I/home/student/snps_tools_target/vcs/U-2023.03/include \
-c /home/student/snps_tools_target/vcs/U-2023.03/etc/uvm/dpi/uvm_dpi.cc
g++ -w  -pipe -DVCS -DUVM_DPI_DO_TYPE_CHECK -fPIC -O -I/home/student/snps_tools_target/vcs/U-2023.03/include \
-c /home/student/snps_tools_target/vcs/U-2023.03/etc/uvm/verdi/dpi/uvm_verdi_dpi.cpp \

if [ -x ../simv ]; then chmod a-x ../simv; fi
g++  -o ../simv      -rdynamic  -Wl,-rpath='$ORIGIN'/simv.daidir -Wl,-rpath=./simv.daidir \
-Wl,-rpath=/home/student/snps_tools_target/vcs/U-2023.03/linux64/lib -L/home/student/snps_tools_target/vcs/U-2023.03/linux64/lib \
-Wl,-rpath-link=./  /usr/lib64/libnuma.so.1 uvm_dpi.o uvm_verdi_dpi.o   objs/amcQw_d.o \
_27178_archive_1.so _prev_archive_1.so  SIM_l.o      rmapats_mop.o rmapats.o rmar.o \
rmar_nd.o  rmar_llvm_0_1.o rmar_llvm_0_0.o            -lvirsim -lerrorinf -lsnpsmalloc \
-lvfs    -lvcsnew -lsimprofile -luclinative /home/student/snps_tools_target/vcs/U-2023.03/linux64/lib/vcs_tls.o \
-Wl,-whole-archive  -lvcsucli    -Wl,-no-whole-archive       ./../simv.daidir/vc_hdrs.o \
_vcs_pli_stub_.o   /home/student/snps_tools_target/vcs/U-2023.03/linux64/lib/vcs_save_restore_new.o \
/home/student/snps_tools_target/verdi/U-2023.03-SP1/share/PLI/VCS/LINUX64/pli.a -ldl \
-lc -lm -lpthread -ldl 
../simv up to date
CPU time: 6.511 seconds to compile + .223 seconds to elab + .504 seconds to link
Verdi KDB elaboration done and the database successfully generated: 0 error(s), 2 warning(s)
