
Warning-[LNX_OS_VERUN] Unsupported Linux version
  Linux version 'Rocky Linux release 8.10 (Green Obsidian)' is not supported 
  on 'x86_64' officially, assuming linux compatibility by default. Set 
  VCS_ARCH_OVERRIDE to linux or suse32 to override.
  Please refer to release notes for information on supported platforms.

Command: vcs -full64 -sverilog -timescale=1ns/1ps -debug_access+all -kdb -f filelist.f \
-top tb_soc_uart_top_fft_integration -l compile_soc_fft.log
                         Chronologic VCS (TM)
         Version U-2023.03_Full64 -- Wed Sep 30 12:03:05 2026

                    Copyright (c) 1991 - 2023 Synopsys, Inc.
   This software and the associated documentation are proprietary to Synopsys,
 Inc. This software may only be used in accordance with the terms and conditions
 of a written license agreement with Synopsys, Inc. All other use, reproduction,
   or distribution of this software is strictly prohibited.  Licensed Products
     communicate with Synopsys servers for the purpose of providing software
    updates, detecting software piracy and verifying that customers are using
    Licensed Products in conformity with the applicable License Key for such
  Licensed Products. Synopsys will use information gathered in connection with
    this process to deliver software updates and pursue software pirates and
                                   infringers.

 Inclusivity & Diversity - Visit SolvNetPlus to read the "Synopsys Statement on
            Inclusivity and Diversity" (Refer to article 000036315 at
                        https://solvnetplus.synopsys.com)

Parsing design file '../rtl/uart/axi_internal_fifo.v'
Parsing design file '../rtl/uart/uart_parity_bit_compute.v'
Parsing design file '../rtl/uart/uart_receiver.v'
Parsing design file '../rtl/uart/uart_transmitter.v'
Parsing design file '../rtl/uart/uart_controller.v'
Parsing design file '../rtl/uart/axi_uart_top.v'
Parsing included file '../rtl/uart/include/axi_uart_defines.vh'.
Back to file '../rtl/uart/axi_uart_top.v'.
Parsing included file '../rtl/uart/include/axi_uart.vh'.
Back to file '../rtl/uart/axi_uart_top.v'.
Parsing design file '../rtl/interconnect/axi_interconnect.v'
Parsing design file '../rtl/interconnect/axi_interconnect_wrap_3x14.v'
Parsing design file '../rtl/interconnect/arbiter.v'
Parsing design file '../rtl/interconnect/priority_encoder.v'
Parsing design file '../rtl/fft_nexhus/xpm_memory_tdpram_model.sv'
Parsing design file '../rtl/fft_nexhus/add_sub_sat_s1_q15.sv'
Parsing design file '../rtl/fft_nexhus/bram_memeory.sv'
Parsing design file '../rtl/fft_nexhus/cmulq15.sv'
Parsing design file '../rtl/fft_nexhus/fft_atomic_p1.sv'
Parsing design file '../rtl/fft_nexhus/fft_ctrl_axil.sv'
Parsing design file '../rtl/fft_nexhus/fft_loadstore_wrapper.sv'
Parsing design file '../rtl/fft_nexhus/fft_mem_axi4_slave.sv'
Parsing design file '../rtl/fft_nexhus/fft_stage_core.sv'
Parsing design file '../rtl/fft_nexhus/fft_stage_core_controller.sv'
Parsing design file '../rtl/fft_nexhus/fft_top.sv'
Parsing design file '../rtl/fft_nexhus/twiddle_rom.sv'
Parsing design file '../rtl/fft_nexhus/fft_accel_fft_top.sv'
Parsing design file '../rtl/soc_uart_top.v'
Parsing design file '../tb/tb_soc_uart_top_fft_integration.sv'

Error-[TMENF-ILL] Top Module/Entity not found
  Top module/entity/config "tb_soc_uart_top_fft_integration" is not found in 
  the following library list.
  Liblist: work


Error-[IRMINTM] Illegal module instantiations
  Illegal to have recursive module instantiations.
  No Top Modules Defined
  There should be at least one top module that is not instantiated by any 
  other module.

2 errors
CPU time: .146 seconds to compile
