
Warning-[LNX_OS_VERUN] Unsupported Linux version
  Linux version 'Rocky Linux release 8.10 (Green Obsidian)' is not supported 
  on 'x86_64' officially, assuming linux compatibility by default. Set 
  VCS_ARCH_OVERRIDE to linux or suse32 to override.
  Please refer to release notes for information on supported platforms.

Command: vcs -full64 -sverilog -timescale=1ns/1ps -debug_access+all -kdb -f filelist_fft.f \
-top tb_selfchecking_fft_accel_top_1024 -l compile_fft.log
                         Chronologic VCS (TM)
         Version U-2023.03_Full64 -- Wed Sep 30 11:22:55 2026

                    Copyright (c) 1991 - 2023 Synopsys, Inc.
   This software and the associated documentation are proprietary to Synopsys,
 Inc. This software may only be used in accordance with the terms and conditions
 of a written license agreement with Synopsys, Inc. All other use, reproduction,
   or distribution of this software is strictly prohibited.  Licensed Products
     communicate with Synopsys servers for the purpose of providing software
    updates, detecting software piracy and verifying that customers are using
    Licensed Products in conformity with the applicable License Key for such
  Licensed Products. Synopsys will use information gathered in connection with
    this process to deliver software updates and pursue software pirates and
                                   infringers.

 Inclusivity & Diversity - Visit SolvNetPlus to read the "Synopsys Statement on
            Inclusivity and Diversity" (Refer to article 000036315 at
                        https://solvnetplus.synopsys.com)

Parsing design file '../rtl/fft_nexhus/xpm_memory_tdpram_model.sv'
Parsing design file '../rtl/fft_nexhus/add_sub_sat_s1_q15.sv'
Parsing design file '../rtl/fft_nexhus/bram_memeory.sv'
Parsing design file '../rtl/fft_nexhus/cmulq15.sv'
Parsing design file '../rtl/fft_nexhus/fft_atomic_p1.sv'
Parsing design file '../rtl/fft_nexhus/fft_ctrl_axil.sv'
Parsing design file '../rtl/fft_nexhus/fft_loadstore_wrapper.sv'
Parsing design file '../rtl/fft_nexhus/fft_mem_axi4_slave.sv'
Parsing design file '../rtl/fft_nexhus/fft_stage_core.sv'
Parsing design file '../rtl/fft_nexhus/fft_stage_core_controller.sv'
Parsing design file '../rtl/fft_nexhus/fft_top.sv'
Parsing design file '../rtl/fft_nexhus/twiddle_rom.sv'
Parsing design file '../rtl/fft_nexhus/fft_accel_fft_top.sv'
Parsing design file '../tb/fft_tb/tb_selfchecking_fft_accel_top_1024.sv'
Top Level Modules:
       tb_selfchecking_fft_accel_top_1024

Warning-[AOUP] Attempt to override undefined parameter
../rtl/fft_nexhus/bram_memeory.sv, 59
  Attempting to override undefined parameter "WRITE_DATA_WIDTH_A", will ignore
  it.


Warning-[AOUP] Attempt to override undefined parameter
../rtl/fft_nexhus/bram_memeory.sv, 59
  Attempting to override undefined parameter "WRITE_DATA_WIDTH_B", will ignore
  it.

TimeScale is 1 ns / 1 ps
Starting vcs inline pass...

1 module and 0 UDP read.
recompiling module tb_selfchecking_fft_accel_top_1024
rm -f _cuarc*.so _csrc*.so pre_vcsobj_*.so share_vcsobj_*.so
if [ -x ../simv ]; then chmod a-x ../simv; fi
g++  -o ../simv      -rdynamic  -Wl,-rpath='$ORIGIN'/simv.daidir -Wl,-rpath=./simv.daidir \
-Wl,-rpath=/home/STUDENT/snps_tools_target/vcs/U-2023.03/linux64/lib -L/home/STUDENT/snps_tools_target/vcs/U-2023.03/linux64/lib \
-Wl,-rpath-link=./  /usr/lib64/libnuma.so.1   objs/amcQw_d.o   _28524_archive_1.so \
SIM_l.o      rmapats_mop.o rmapats.o rmar.o rmar_nd.o  rmar_llvm_0_1.o rmar_llvm_0_0.o \
-lvirsim -lerrorinf -lsnpsmalloc -lvfs    -lvcsnew -lsimprofile -luclinative /home/STUDENT/snps_tools_target/vcs/U-2023.03/linux64/lib/vcs_tls.o \
-Wl,-whole-archive  -lvcsucli    -Wl,-no-whole-archive        _vcs_pli_stub_.o   \
/home/STUDENT/snps_tools_target/vcs/U-2023.03/linux64/lib/vcs_save_restore_new.o \
/home/STUDENT/snps_tools_target/verdi/U-2023.03-SP1/share/PLI/VCS/LINUX64/pli.a -ldl \
-lc -lm -lpthread -ldl 
../simv up to date
CPU time: .321 seconds to compile + .168 seconds to elab + .172 seconds to link
Verdi KDB elaboration done and the database successfully generated: 0 error(s), 2 warning(s)
