version: (200506)

available memory: 64M bytes
used memory: 90112 bytes [need 88K bytes if disable swap]

used block: 4 [memory(4) file(0)]
                 [ 8K(3) 64K(1) { total 88K bytes } ]
overhead: (9538) bytes for (4) blocks [Average: (2384) bytes/block]

write  => 0(times) 0K(bytes) [0K bytes to file]
read   => 1(times) 46K(bytes) [7K bytes compressed data from file]
access => 104968(times) 824M(bytes)
          [hit ratio: 99.999%]

time: write(0) read(0)  unit: second

swap file directory: (/home/student/Documents/23-088_hon/proj_dir_p/proj-dir/run/verdiLog)
used swap file number: (1)



swap file manager:
arrSize: (256)
idxCnt: (4)
closeHead: (1)
closeTail: (2)
openCnt: (2)
fid(3): fd(0) fileName(/home/student/Documents/23-088_hon/proj_dir_p/proj-dir/run/simv.daidir/kdb.elab++/work.lib++/uvm_custom_install_verdi_recorder.sv.tdc)
	size(15462) lastModTime(1789799529) curModTime(1789799529)
	mode(rb)	hot(0) cool(0) pos(0)
fid(2): fd(20) fileName(/home/student/Documents/23-088_hon/proj_dir_p/proj-dir/run/verdiLog/_swap_0001#8323328#235622)
	size(0) lastModTime(0) curModTime(1789799634)
	mode(w+b)	hot(0) cool(1) pos(0)
fid(1): fd(1073741824) fileName(/home/student/Documents/23-088_hon/proj_dir_p/proj-dir/run/simv.daidir/kdb.elab++/work.lib++/uart_standalone_tb.sv.tdc)
	size(13199) lastModTime(1789799529) curModTime(1789799529)
	mode(rb)	hot(2) cool(0) pos(0)
fid(0): fd(0) fileName(NULL)
	mode(NULL)	hot(0) cool(0) pos(0)
==================================================
mySelf(0x1c4d47c0) pre(0x1aef4b50) next((nil))
version(200506)
date(Feb  1 2023 02:39:48)
